device: cpu
step=250 stage=0 loss=1.9921 acc=0.1425 {'direct': 0.1625, 'one_hop': 0.1425, 'two_hop': 0.1225}
step=500 stage=0 loss=1.7821 acc=0.2117 {'direct': 0.29, 'one_hop': 0.155, 'two_hop': 0.19}
step=750 stage=0 loss=1.7413 acc=0.2325 {'direct': 0.2925, 'one_hop': 0.195, 'two_hop': 0.21}
step=1000 stage=0 loss=1.7450 acc=0.2283 {'direct': 0.2825, 'one_hop': 0.185, 'two_hop': 0.2175}
step=1250 stage=0 loss=1.2213 acc=0.2583 {'direct': 0.48, 'one_hop': 0.1275, 'two_hop': 0.1675}
step=1327 advance to stage 1: [0, [0, 1]]
step=1500 stage=1 loss=1.0692 acc=0.4600 {'direct': 1.0, 'one_hop': 0.185, 'two_hop': 0.195}
step=1750 stage=1 loss=1.0257 acc=0.4667 {'direct': 1.0, 'one_hop': 0.205, 'two_hop': 0.195}
step=2000 stage=1 loss=0.9468 acc=0.4692 {'direct': 1.0, 'one_hop': 0.2175, 'two_hop': 0.19}
step=2250 stage=1 loss=0.8736 acc=0.4883 {'direct': 1.0, 'one_hop': 0.28, 'two_hop': 0.185}
step=2500 stage=1 loss=0.7171 acc=0.4933 {'direct': 1.0, 'one_hop': 0.3175, 'two_hop': 0.1625}
step=2750 stage=1 loss=0.6971 acc=0.4967 {'direct': 1.0, 'one_hop': 0.3175, 'two_hop': 0.1725}
step=3000 stage=1 loss=0.6760 acc=0.5308 {'direct': 1.0, 'one_hop': 0.4125, 'two_hop': 0.18}
step=3174 advance to stage 2: [0, [0, 1, 2]]
step=3250 stage=2 loss=0.0802 acc=0.9808 {'direct': 1.0, 'one_hop': 0.99, 'two_hop': 0.9525}
step=3253 advance to stage 3: [6, [0, 1, 2]]
step=3303 advance to stage 4: [12, [0, 1, 2]]
step=3353 advance to stage 5: [18, [0, 1, 2]]
step=3500 stage=5 loss=0.0013 acc=1.0000 {'direct': 1.0, 'one_hop': 1.0, 'two_hop': 1.0}
step=3750 stage=5 loss=0.0008 acc=1.0000 {'direct': 1.0, 'one_hop': 1.0, 'two_hop': 1.0}
step=4000 stage=5 loss=0.0005 acc=1.0000 {'direct': 1.0, 'one_hop': 1.0, 'two_hop': 1.0}
step=4250 stage=5 loss=0.0024 acc=0.9983 {'direct': 1.0, 'one_hop': 1.0, 'two_hop': 0.995}
step=4500 stage=5 loss=0.0003 acc=1.0000 {'direct': 1.0, 'one_hop': 1.0, 'two_hop': 1.0}
step=4750 stage=5 loss=0.0003 acc=1.0000 {'direct': 1.0, 'one_hop': 1.0, 'two_hop': 1.0}
step=5000 stage=5 loss=0.0002 acc=1.0000 {'direct': 1.0, 'one_hop': 1.0, 'two_hop': 1.0}
step=5250 stage=5 loss=0.0002 acc=1.0000 {'direct': 1.0, 'one_hop': 1.0, 'two_hop': 1.0}
step=5500 stage=5 loss=0.0002 acc=1.0000 {'direct': 1.0, 'one_hop': 1.0, 'two_hop': 1.0}
step=5750 stage=5 loss=0.0002 acc=1.0000 {'direct': 1.0, 'one_hop': 1.0, 'two_hop': 1.0}
step=6000 stage=5 loss=0.0001 acc=1.0000 {'direct': 1.0, 'one_hop': 1.0, 'two_hop': 1.0}
step=6250 stage=5 loss=0.0002 acc=1.0000 {'direct': 1.0, 'one_hop': 1.0, 'two_hop': 1.0}
step=6353 stage=5 loss=0.0001 acc=1.0000 {'direct': 1.0, 'one_hop': 1.0, 'two_hop': 1.0}
seed=1 FINAL acc=1.0000 {'direct': 1.0, 'one_hop': 1.0, 'two_hop': 1.0} healthy=True
