seed=1 filler=18 lecture  t=0.0    acc=0.9817 slots=24.0 fallback=0.000
seed=1 filler=18 lecture  t=0.5    acc=0.9867 slots=71.0 fallback=0.090
seed=1 filler=18 lecture  t=0.8    acc=0.9950 slots=300.9 fallback=0.530
seed=1 filler=18 lecture  t=0.9    acc=0.9983 slots=432.5 fallback=0.780
seed=1 filler=18 lecture  t=0.95   acc=0.9983 slots=511.1 fallback=0.930
seed=1 filler=18 lecture  t=0.99   acc=0.9983 slots=548.0 fallback=1.000
seed=1 filler=18 lecture  t=0.999  acc=0.9983 slots=548.0 fallback=1.000
seed=1 filler=18 lecture  t=1.01   acc=0.9983 slots=548.0 fallback=1.000
seed=1 filler=18 question t=0.0    acc=0.9817 slots=24.0 fallback=0.000
seed=1 filler=18 question t=0.5    acc=0.9900 slots=36.2 fallback=0.023
seed=1 filler=18 question t=0.8    acc=0.9900 slots=54.4 fallback=0.058
seed=1 filler=18 question t=0.9    acc=0.9900 slots=78.9 fallback=0.105
seed=1 filler=18 question t=0.95   acc=0.9900 slots=114.7 fallback=0.173
seed=1 filler=18 question t=0.99   acc=0.9933 slots=264.9 fallback=0.460
seed=1 filler=18 question t=0.999  acc=0.9983 slots=452.8 fallback=0.818
seed=1 filler=18 question t=1.01   acc=0.9983 slots=548.0 fallback=1.000
seed=1 filler=108 lecture  t=0.0    acc=0.9617 slots=24.0 fallback=0.000
seed=1 filler=108 lecture  t=0.5    acc=0.9633 slots=144.3 fallback=0.080
seed=1 filler=108 lecture  t=0.8    acc=0.9867 slots=1031.2 fallback=0.670
seed=1 filler=108 lecture  t=0.9    acc=0.9917 slots=1377.9 fallback=0.900
seed=1 filler=108 lecture  t=0.95   acc=0.9917 slots=1483.5 fallback=0.970
seed=1 filler=108 lecture  t=0.99   acc=0.9933 slots=1528.3 fallback=1.000
seed=1 filler=108 lecture  t=0.999  acc=0.9933 slots=1528.3 fallback=1.000
seed=1 filler=108 lecture  t=1.01   acc=0.9933 slots=1528.3 fallback=1.000
seed=1 filler=108 question t=0.0    acc=0.9617 slots=24.0 fallback=0.000
seed=1 filler=108 question t=0.5    acc=0.9783 slots=74.3 fallback=0.033
seed=1 filler=108 question t=0.8    acc=0.9783 slots=159.4 fallback=0.090
seed=1 filler=108 question t=0.9    acc=0.9800 slots=274.9 fallback=0.167
seed=1 filler=108 question t=0.95   acc=0.9850 slots=397.7 fallback=0.248
seed=1 filler=108 question t=0.99   acc=0.9867 slots=791.6 fallback=0.510
seed=1 filler=108 question t=0.999  acc=0.9933 slots=1290.4 fallback=0.842
seed=1 filler=108 question t=1.01   acc=0.9933 slots=1528.3 fallback=1.000
seed=2 filler=18 lecture  t=0.0    acc=0.9967 slots=24.0 fallback=0.000
seed=2 filler=18 lecture  t=0.5    acc=0.9967 slots=24.0 fallback=0.000
seed=2 filler=18 lecture  t=0.8    acc=0.9967 slots=24.0 fallback=0.000
seed=2 filler=18 lecture  t=0.9    acc=1.0000 slots=65.9 fallback=0.080
seed=2 filler=18 lecture  t=0.95   acc=1.0000 slots=165.6 fallback=0.270
seed=2 filler=18 lecture  t=0.99   acc=1.0000 slots=406.6 fallback=0.730
seed=2 filler=18 lecture  t=0.999  acc=1.0000 slots=548.1 fallback=1.000
seed=2 filler=18 lecture  t=1.01   acc=1.0000 slots=548.1 fallback=1.000
seed=2 filler=18 question t=0.0    acc=0.9967 slots=24.0 fallback=0.000
seed=2 filler=18 question t=0.5    acc=0.9967 slots=24.0 fallback=0.000
seed=2 filler=18 question t=0.8    acc=0.9967 slots=24.0 fallback=0.000
seed=2 filler=18 question t=0.9    acc=0.9967 slots=27.5 fallback=0.007
seed=2 filler=18 question t=0.95   acc=0.9967 slots=36.3 fallback=0.023
seed=2 filler=18 question t=0.99   acc=0.9967 slots=81.7 fallback=0.110
seed=2 filler=18 question t=0.999  acc=0.9983 slots=272.2 fallback=0.473
seed=2 filler=18 question t=1.01   acc=1.0000 slots=548.1 fallback=1.000
seed=2 filler=108 lecture  t=0.0    acc=1.0000 slots=24.0 fallback=0.000
seed=2 filler=108 lecture  t=0.5    acc=1.0000 slots=24.0 fallback=0.000
seed=2 filler=108 lecture  t=0.8    acc=1.0000 slots=54.1 fallback=0.020
seed=2 filler=108 lecture  t=0.9    acc=1.0000 slots=114.7 fallback=0.060
seed=2 filler=108 lecture  t=0.95   acc=1.0000 slots=218.9 fallback=0.130
seed=2 filler=108 lecture  t=0.99   acc=1.0000 slots=1138.1 fallback=0.740
seed=2 filler=108 lecture  t=0.999  acc=1.0000 slots=1529.4 fallback=1.000
seed=2 filler=108 lecture  t=1.01   acc=1.0000 slots=1529.4 fallback=1.000
seed=2 filler=108 question t=0.0    acc=1.0000 slots=24.0 fallback=0.000
seed=2 filler=108 question t=0.5    acc=1.0000 slots=24.0 fallback=0.000
seed=2 filler=108 question t=0.8    acc=1.0000 slots=29.0 fallback=0.003
seed=2 filler=108 question t=0.9    acc=1.0000 slots=34.0 fallback=0.007
seed=2 filler=108 question t=0.95   acc=1.0000 slots=46.3 fallback=0.015
seed=2 filler=108 question t=0.99   acc=1.0000 slots=176.7 fallback=0.102
seed=2 filler=108 question t=0.999  acc=1.0000 slots=716.4 fallback=0.460
seed=2 filler=108 question t=1.01   acc=1.0000 slots=1529.4 fallback=1.000
seed=3 filler=18 lecture  t=0.0    acc=0.9783 slots=24.0 fallback=0.000
seed=3 filler=18 lecture  t=0.5    acc=0.9800 slots=87.2 fallback=0.120
seed=3 filler=18 lecture  t=0.8    acc=0.9967 slots=427.3 fallback=0.770
seed=3 filler=18 lecture  t=0.9    acc=1.0000 slots=526.7 fallback=0.960
seed=3 filler=18 lecture  t=0.95   acc=1.0000 slots=547.5 fallback=1.000
seed=3 filler=18 lecture  t=0.99   acc=1.0000 slots=547.5 fallback=1.000
seed=3 filler=18 lecture  t=0.999  acc=1.0000 slots=547.5 fallback=1.000
seed=3 filler=18 lecture  t=1.01   acc=1.0000 slots=547.5 fallback=1.000
seed=3 filler=18 question t=0.0    acc=0.9783 slots=24.0 fallback=0.000
seed=3 filler=18 question t=0.5    acc=0.9833 slots=32.8 fallback=0.017
seed=3 filler=18 question t=0.8    acc=0.9933 slots=78.2 fallback=0.103
seed=3 filler=18 question t=0.9    acc=0.9933 slots=134.0 fallback=0.210
seed=3 filler=18 question t=0.95   acc=0.9933 slots=185.4 fallback=0.308
seed=3 filler=18 question t=0.99   acc=0.9933 slots=328.4 fallback=0.582
seed=3 filler=18 question t=0.999  acc=0.9967 slots=493.4 fallback=0.897
seed=3 filler=18 question t=1.01   acc=1.0000 slots=547.5 fallback=1.000
seed=3 filler=108 lecture  t=0.0    acc=0.9283 slots=24.3 fallback=0.000
seed=3 filler=108 lecture  t=0.5    acc=0.9150 slots=519.1 fallback=0.330
seed=3 filler=108 lecture  t=0.8    acc=0.9367 slots=1314.7 fallback=0.860
seed=3 filler=108 lecture  t=0.9    acc=0.9400 slots=1494.7 fallback=0.980
seed=3 filler=108 lecture  t=0.95   acc=0.9400 slots=1524.5 fallback=1.000
seed=3 filler=108 lecture  t=0.99   acc=0.9400 slots=1524.5 fallback=1.000
seed=3 filler=108 lecture  t=0.999  acc=0.9400 slots=1524.5 fallback=1.000
seed=3 filler=108 lecture  t=1.01   acc=0.9400 slots=1524.5 fallback=1.000
seed=3 filler=108 question t=0.0    acc=0.9283 slots=24.3 fallback=0.000
seed=3 filler=108 question t=0.5    acc=0.9300 slots=139.2 fallback=0.077
seed=3 filler=108 question t=0.8    acc=0.9300 slots=282.0 fallback=0.172
seed=3 filler=108 question t=0.9    acc=0.9250 slots=382.2 fallback=0.238
seed=3 filler=108 question t=0.95   acc=0.9333 slots=564.6 fallback=0.360
seed=3 filler=108 question t=0.99   acc=0.9350 slots=984.2 fallback=0.640
seed=3 filler=108 question t=0.999  acc=0.9400 slots=1386.9 fallback=0.908
seed=3 filler=108 question t=1.01   acc=0.9400 slots=1524.5 fallback=1.000
## Calibrated thresholds (cheapest within 0.5pp of the best accuracy)

| Filler | Policy | Threshold |
|---|---|---:|
| 18 | lecture | 0.8 |
| 18 | question | 0.99 |
| 108 | lecture | 0.8 |
| 108 | question | 0.95 |
