device: cpu
warm-started backbone from ced_baseline_seed2.pt (missing 0, unexpected 0)
parameters: 145,608 (compiler 25,734, notes 99,008, router 20,866)
step=250 stage=0 notes=0.106 routed=0.106 detailed=1.000 | slots=30.0 routed_slots=30.0 fired=0.00 | L_notes=2.251 suff=2.250 n_notes=23.9 overlap=0.044
step=500 stage=0 notes=0.444 routed=0.444 detailed=1.000 | slots=30.0 routed_slots=30.0 fired=0.00 | L_notes=0.390 suff=0.390 n_notes=23.9 overlap=0.020
step=750 stage=0 notes=0.450 routed=0.450 detailed=1.000 | slots=30.0 routed_slots=30.0 fired=0.00 | L_notes=0.323 suff=0.323 n_notes=23.9 overlap=0.005
step=801 decoder unfrozen
step=1000 stage=0 notes=0.472 routed=0.472 detailed=0.972 | slots=30.0 routed_slots=30.0 fired=0.00 | L_notes=0.273 suff=0.272 n_notes=23.9 overlap=0.002
step=1250 stage=0 notes=0.450 routed=0.450 detailed=0.528 | slots=30.0 routed_slots=30.0 fired=0.00 | L_notes=0.043 suff=0.043 n_notes=23.9 overlap=0.000
step=1500 stage=0 notes=0.450 routed=0.450 detailed=0.444 | slots=30.0 routed_slots=30.0 fired=0.00 | L_notes=0.042 suff=0.046 n_notes=23.9 overlap=0.001
step=1750 stage=0 notes=0.456 routed=0.456 detailed=0.439 | slots=30.0 routed_slots=30.0 fired=0.00 | L_notes=0.014 suff=0.013 n_notes=23.9 overlap=0.001
step=2000 stage=0 notes=0.461 routed=0.461 detailed=0.472 | slots=30.0 routed_slots=30.0 fired=0.00 | L_notes=0.026 suff=0.026 n_notes=23.9 overlap=0.001
step=2037 advance to stage 1: [0, [0, 1]]
step=2250 stage=1 notes=0.717 routed=0.717 detailed=0.733 | slots=30.0 routed_slots=30.0 fired=0.00 | L_notes=0.134 suff=0.127 n_notes=23.9 overlap=0.000
step=2500 stage=1 notes=0.667 routed=0.667 detailed=0.722 | slots=30.0 routed_slots=30.0 fired=0.00 | L_notes=0.109 suff=0.107 n_notes=23.9 overlap=0.000
step=2750 stage=1 notes=0.750 routed=0.750 detailed=0.756 | slots=30.0 routed_slots=30.0 fired=0.00 | L_notes=0.077 suff=0.069 n_notes=23.9 overlap=0.000
step=2839 advance to stage 2: [6, [0, 1, 2]]
step=3000 stage=2 notes=1.000 routed=1.000 detailed=0.994 | slots=30.0 routed_slots=30.0 fired=0.00 | L_notes=0.068 suff=0.068 n_notes=29.9 overlap=0.000
step=3250 stage=2 notes=1.000 routed=1.000 detailed=1.000 | slots=30.0 routed_slots=30.0 fired=0.00 | L_notes=0.006 suff=0.006 n_notes=29.9 overlap=0.000
step=3500 stage=2 notes=1.000 routed=1.000 detailed=1.000 | slots=30.0 routed_slots=30.0 fired=0.00 | L_notes=0.049 suff=0.049 n_notes=29.9 overlap=0.000
step=3750 stage=2 notes=1.000 routed=1.000 detailed=1.000 | slots=30.0 routed_slots=30.0 fired=0.00 | L_notes=0.014 suff=0.014 n_notes=29.9 overlap=0.000
step=4000 stage=2 notes=1.000 routed=1.000 detailed=1.000 | slots=30.0 routed_slots=30.0 fired=0.00 | L_notes=0.033 suff=0.033 n_notes=29.9 overlap=0.000
step=4250 stage=2 notes=1.000 routed=1.000 detailed=1.000 | slots=30.0 routed_slots=30.0 fired=0.00 | L_notes=0.034 suff=0.034 n_notes=29.9 overlap=0.000
step=4500 stage=2 notes=1.000 routed=1.000 detailed=1.000 | slots=30.0 routed_slots=30.0 fired=0.00 | L_notes=0.012 suff=0.012 n_notes=29.9 overlap=0.000
step=4750 stage=2 notes=1.000 routed=1.000 detailed=1.000 | slots=30.0 routed_slots=30.0 fired=0.00 | L_notes=0.015 suff=0.015 n_notes=29.9 overlap=0.000
step=5000 stage=2 notes=1.000 routed=1.000 detailed=1.000 | slots=30.0 routed_slots=30.0 fired=0.00 | L_notes=0.035 suff=0.035 n_notes=29.9 overlap=0.000
step=5250 stage=2 notes=1.000 routed=1.000 detailed=1.000 | slots=30.0 routed_slots=30.0 fired=0.00 | L_notes=0.014 suff=0.014 n_notes=29.9 overlap=0.000
step=5339 stage=2 notes=1.000 routed=1.000 detailed=1.000 | slots=30.0 routed_slots=30.0 fired=0.00 | L_notes=0.025 suff=0.025 n_notes=29.9 overlap=0.000
sample notes: [{"anchor": "model", "micro_context": "v2 v2", "source": 0, "order": 0, "confidence": 0.9999885559082031, "gate": 1.0, "supersedes": 1.8188085277870414e-06}, {"anchor": "is", "micro_context": "v6 v6", "source": 14, "order": 1, "confidence": 0.9999810457229614, "gate": 1.0, "supersedes": 3.3420462841604603e-06}, {"anchor": ".", "micro_context": "e12 e12", "source": 31, "order": 2, "confidence": 0.999994158744812, "gate": 1.0, "supersedes": 1.054988047144434e-06}, {"anchor": "speaker", "micro_context": "e7 e7", "source": 45, "order": 3, "confidence": 0.9999905824661255, "gate": 1.0, "supersedes": 1.6851819282237557e-06}, {"anchor": "the", "micro_context": "of of", "source": 61, "order": 4, "confidence": 0.999976396560669, "gate": 1.0, "supersedes": 4.548711331153754e-06}, {"anchor": "than", "micro_context": "of of", "source": 72, "order": 5, "confidence": 0.9999545812606812, "gate": 1.0, "supersedes": 8.722389793547336e-06}]
seed=2 FINAL notes=1.0000 routed=1.0000 detailed=1.0000 slots=30.0
