seed=1 stage A: note compiler
  compiler step=200 loss=0.0113 val_extraction=0.9969
seed=1 stage B: decoder on detailed + note memory
  decoder step=100 loss=4.4878
  decoder step=200 loss=2.7920
  decoder step=300 loss=2.4469
  decoder step=400 loss=2.3593
  decoder step=500 loss=2.3142
  decoder step=600 loss=2.2828
  decoder step=700 loss=2.2485
  decoder step=800 loss=2.2207
  decoder step=900 loss=2.2155
  decoder step=1000 loss=2.1923
  decoder step=1100 loss=2.1923
  decoder step=1200 loss=2.1850
  decoder step=1300 loss=2.1722
  decoder step=1400 loss=2.1861
  decoder step=1500 loss=2.1818
seed=1 filler=18 T=548 extraction=0.9973
  ced_baseline      acc=1.0000 {'direct': 1.0, 'one_hop': 1.0, 'two_hop': 1.0} slots=547.8 fallback=0.000 GFLOPs/lecture=0.491 decode_ms/q=5.861
  snced_detailed    acc=0.9992 {'direct': 1.0, 'one_hop': 0.9975, 'two_hop': 1.0} slots=547.8 fallback=0.000 GFLOPs/lecture=0.491 decode_ms/q=5.770
  snced_notes       acc=0.3225 {'direct': 0.5325, 'one_hop': 0.2175, 'two_hop': 0.2175} slots=72.0 fallback=0.000 GFLOPs/lecture=0.307 decode_ms/q=4.393
  snced_gold_notes  acc=0.3233 {'direct': 0.5325, 'one_hop': 0.22, 'two_hop': 0.2175} slots=72.0 fallback=0.000 GFLOPs/lecture=0.307 decode_ms/q=4.653
  snced_fallback    acc=0.7350 {'direct': 0.825, 'one_hop': 0.685, 'two_hop': 0.695} slots=350.6 fallback=0.585 GFLOPs/lecture=0.421 decode_ms/q=6.262
seed=1 filler=54 T=939 extraction=0.9856
  ced_baseline      acc=0.9983 {'direct': 1.0, 'one_hop': 1.0, 'two_hop': 0.995} slots=939.2 fallback=0.000 GFLOPs/lecture=0.851 decode_ms/q=6.716
  snced_detailed    acc=0.9942 {'direct': 1.0, 'one_hop': 0.995, 'two_hop': 0.9875} slots=939.2 fallback=0.000 GFLOPs/lecture=0.851 decode_ms/q=6.706
  snced_notes       acc=0.3083 {'direct': 0.4625, 'one_hop': 0.2825, 'two_hop': 0.18} slots=72.9 fallback=0.000 GFLOPs/lecture=0.509 decode_ms/q=3.698
  snced_gold_notes  acc=0.3233 {'direct': 0.4825, 'one_hop': 0.2975, 'two_hop': 0.19} slots=72.0 fallback=0.000 GFLOPs/lecture=0.508 decode_ms/q=3.690
  snced_fallback    acc=0.8392 {'direct': 0.885, 'one_hop': 0.83, 'two_hop': 0.8025} slots=739.0 fallback=0.770 GFLOPs/lecture=0.781 decode_ms/q=6.184
seed=1 filler=108 T=1529 extraction=0.9858
  ced_baseline      acc=0.9942 {'direct': 1.0, 'one_hop': 0.9925, 'two_hop': 0.99} slots=1528.8 fallback=0.000 GFLOPs/lecture=1.543 decode_ms/q=7.617
  snced_detailed    acc=0.9908 {'direct': 0.9975, 'one_hop': 0.9875, 'two_hop': 0.9875} slots=1528.8 fallback=0.000 GFLOPs/lecture=1.543 decode_ms/q=8.163
  snced_notes       acc=0.3092 {'direct': 0.4825, 'one_hop': 0.22, 'two_hop': 0.225} slots=74.2 fallback=0.000 GFLOPs/lecture=0.960 decode_ms/q=4.277
  snced_gold_notes  acc=0.3042 {'direct': 0.485, 'one_hop': 0.2175, 'two_hop': 0.21} slots=72.0 fallback=0.000 GFLOPs/lecture=0.959 decode_ms/q=4.121
  snced_fallback    acc=0.9200 {'direct': 0.95, 'one_hop': 0.9025, 'two_hop': 0.9075} slots=1361.9 fallback=0.885 GFLOPs/lecture=1.486 decode_ms/q=8.580
